Archive member included because of file (symbol)

c:/users/t0ti2/avr/bin/../lib/gcc/avr/4.3.3/avr5\libgcc.a(_mulsi3.o)
                              ./MCAL/Timer/Timer_Program.o (__mulsi3)
c:/users/t0ti2/avr/bin/../lib/gcc/avr/4.3.3/avr5\libgcc.a(_udivmodsi4.o)
                              ./MCAL/Timer/Timer_Program.o (__udivmodsi4)
c:/users/t0ti2/avr/bin/../lib/gcc/avr/4.3.3/avr5\libgcc.a(_exit.o)
                              c:/users/t0ti2/avr/bin/../lib/gcc/avr/4.3.3/../../../../avr/lib/avr5/crtm32.o (exit)
c:/users/t0ti2/avr/bin/../lib/gcc/avr/4.3.3/avr5\libgcc.a(_clear_bss.o)
                              ./MCAL/Timer/Timer_Program.o (__do_clear_bss)
c:/users/t0ti2/avr/bin/../lib/gcc/avr/4.3.3/avr5\libgcc.a(_fixunssfsi.o)
                              ./MCAL/Timer/Timer_Program.o (__fixunssfsi)
c:/users/t0ti2/avr/bin/../lib/gcc/avr/4.3.3/avr5\libgcc.a(_addsub_sf.o)
                              c:/users/t0ti2/avr/bin/../lib/gcc/avr/4.3.3/avr5\libgcc.a(_fixunssfsi.o) (__subsf3)
c:/users/t0ti2/avr/bin/../lib/gcc/avr/4.3.3/avr5\libgcc.a(_div_sf.o)
                              ./MCAL/Timer/Timer_Program.o (__divsf3)
c:/users/t0ti2/avr/bin/../lib/gcc/avr/4.3.3/avr5\libgcc.a(_ge_sf.o)
                              c:/users/t0ti2/avr/bin/../lib/gcc/avr/4.3.3/avr5\libgcc.a(_fixunssfsi.o) (__gesf2)
c:/users/t0ti2/avr/bin/../lib/gcc/avr/4.3.3/avr5\libgcc.a(_sf_to_si.o)
                              c:/users/t0ti2/avr/bin/../lib/gcc/avr/4.3.3/avr5\libgcc.a(_fixunssfsi.o) (__fixsfsi)
c:/users/t0ti2/avr/bin/../lib/gcc/avr/4.3.3/avr5\libgcc.a(_thenan_sf.o)
                              c:/users/t0ti2/avr/bin/../lib/gcc/avr/4.3.3/avr5\libgcc.a(_addsub_sf.o) (__thenan_sf)
c:/users/t0ti2/avr/bin/../lib/gcc/avr/4.3.3/avr5\libgcc.a(_usi_to_sf.o)
                              ./MCAL/Timer/Timer_Program.o (__floatunsisf)
c:/users/t0ti2/avr/bin/../lib/gcc/avr/4.3.3/avr5\libgcc.a(_prologue.o)
                              c:/users/t0ti2/avr/bin/../lib/gcc/avr/4.3.3/avr5\libgcc.a(_addsub_sf.o) (__prologue_saves__)
c:/users/t0ti2/avr/bin/../lib/gcc/avr/4.3.3/avr5\libgcc.a(_epilogue.o)
                              c:/users/t0ti2/avr/bin/../lib/gcc/avr/4.3.3/avr5\libgcc.a(_addsub_sf.o) (__epilogue_restores__)
c:/users/t0ti2/avr/bin/../lib/gcc/avr/4.3.3/avr5\libgcc.a(_copy_data.o)
                              c:/users/t0ti2/avr/bin/../lib/gcc/avr/4.3.3/avr5\libgcc.a(_thenan_sf.o) (__do_copy_data)
c:/users/t0ti2/avr/bin/../lib/gcc/avr/4.3.3/avr5\libgcc.a(_clzsi2.o)
                              c:/users/t0ti2/avr/bin/../lib/gcc/avr/4.3.3/avr5\libgcc.a(_usi_to_sf.o) (__clzsi2)
c:/users/t0ti2/avr/bin/../lib/gcc/avr/4.3.3/avr5\libgcc.a(_pack_sf.o)
                              c:/users/t0ti2/avr/bin/../lib/gcc/avr/4.3.3/avr5\libgcc.a(_addsub_sf.o) (__pack_f)
c:/users/t0ti2/avr/bin/../lib/gcc/avr/4.3.3/avr5\libgcc.a(_unpack_sf.o)
                              c:/users/t0ti2/avr/bin/../lib/gcc/avr/4.3.3/avr5\libgcc.a(_addsub_sf.o) (__unpack_f)
c:/users/t0ti2/avr/bin/../lib/gcc/avr/4.3.3/avr5\libgcc.a(_fpcmp_parts_sf.o)
                              c:/users/t0ti2/avr/bin/../lib/gcc/avr/4.3.3/avr5\libgcc.a(_ge_sf.o) (__fpcmp_parts_f)
c:/users/t0ti2/avr/bin/../lib/gcc/avr/4.3.3/avr5\libgcc.a(_clz.o)
                              c:/users/t0ti2/avr/bin/../lib/gcc/avr/4.3.3/avr5\libgcc.a(_clzsi2.o) (__clz_tab)

Allocating common symbols
Common symbol       size              file

Global_Timer_2_u16Flag
                    0x4               ./MCAL/Timer/Timer_Program.o
Global_Timer_0_u16Flag
                    0x4               ./MCAL/Timer/Timer_Program.o

Memory Configuration

Name             Origin             Length             Attributes
text             0x00000000         0x00020000         xr
data             0x00800060         0x0000ffa0         rw !x
eeprom           0x00810000         0x00010000         rw !x
fuse             0x00820000         0x00000400         rw !x
lock             0x00830000         0x00000400         rw !x
signature        0x00840000         0x00000400         rw !x
*default*        0x00000000         0xffffffff

Linker script and memory map

LOAD c:/users/t0ti2/avr/bin/../lib/gcc/avr/4.3.3/../../../../avr/lib/avr5/crtm32.o
LOAD ./MCAL/Timer/Timer_Program.o
LOAD ./MCAL/External_Interrupt/External_Interrupt_Program.o
LOAD ./MCAL/DIO/DIO_Program.o
LOAD ./HAL/Led/Led_Program.o
LOAD ./HAL/Button/Button_Program.o
LOAD ./Application/main.o
LOAD c:/users/t0ti2/avr/bin/../lib/gcc/avr/4.3.3/avr5\libgcc.a
LOAD c:/users/t0ti2/avr/bin/../lib/gcc/avr/4.3.3/../../../../avr/lib/avr5\libc.a
LOAD c:/users/t0ti2/avr/bin/../lib/gcc/avr/4.3.3/avr5\libgcc.a

.hash
 *(.hash)

.dynsym
 *(.dynsym)

.dynstr
 *(.dynstr)

.gnu.version
 *(.gnu.version)

.gnu.version_d
 *(.gnu.version_d)

.gnu.version_r
 *(.gnu.version_r)

.rel.init
 *(.rel.init)

.rela.init
 *(.rela.init)

.rel.text
 *(.rel.text)
 *(.rel.text.*)
 *(.rel.gnu.linkonce.t*)

.rela.text
 *(.rela.text)
 *(.rela.text.*)
 *(.rela.gnu.linkonce.t*)

.rel.fini
 *(.rel.fini)

.rela.fini
 *(.rela.fini)

.rel.rodata
 *(.rel.rodata)
 *(.rel.rodata.*)
 *(.rel.gnu.linkonce.r*)

.rela.rodata
 *(.rela.rodata)
 *(.rela.rodata.*)
 *(.rela.gnu.linkonce.r*)

.rel.data
 *(.rel.data)
 *(.rel.data.*)
 *(.rel.gnu.linkonce.d*)

.rela.data
 *(.rela.data)
 *(.rela.data.*)
 *(.rela.gnu.linkonce.d*)

.rel.ctors
 *(.rel.ctors)

.rela.ctors
 *(.rela.ctors)

.rel.dtors
 *(.rel.dtors)

.rela.dtors
 *(.rela.dtors)

.rel.got
 *(.rel.got)

.rela.got
 *(.rela.got)

.rel.bss
 *(.rel.bss)

.rela.bss
 *(.rela.bss)

.rel.plt
 *(.rel.plt)

.rela.plt
 *(.rela.plt)

.text           0x00000000     0x3426
 *(.vectors)
 .vectors       0x00000000       0x54 c:/users/t0ti2/avr/bin/../lib/gcc/avr/4.3.3/../../../../avr/lib/avr5/crtm32.o
                0x00000000                __vectors
                0x00000000                __vector_default
 *(.vectors)
 *(.progmem.gcc*)
 *(.progmem*)
                0x00000054                . = ALIGN (0x2)
                0x00000054                __trampolines_start = .
 *(.trampolines)
 .trampolines   0x00000054        0x0 linker stubs
 *(.trampolines*)
                0x00000054                __trampolines_end = .
 *(.jumptables)
 *(.jumptables*)
 *(.lowtext)
 *(.lowtext*)
                0x00000054                __ctors_start = .
 *(.ctors)
                0x00000054                __ctors_end = .
                0x00000054                __dtors_start = .
 *(.dtors)
                0x00000054                __dtors_end = .
 SORT(*)(.ctors)
 SORT(*)(.dtors)
 *(.init0)
 .init0         0x00000054        0x0 c:/users/t0ti2/avr/bin/../lib/gcc/avr/4.3.3/../../../../avr/lib/avr5/crtm32.o
                0x00000054                __init
 *(.init0)
 *(.init1)
 *(.init1)
 *(.init2)
 .init2         0x00000054        0xc c:/users/t0ti2/avr/bin/../lib/gcc/avr/4.3.3/../../../../avr/lib/avr5/crtm32.o
 *(.init2)
 *(.init3)
 *(.init3)
 *(.init4)
 .init4         0x00000060       0x10 c:/users/t0ti2/avr/bin/../lib/gcc/avr/4.3.3/avr5\libgcc.a(_clear_bss.o)
                0x00000060                __do_clear_bss
 .init4         0x00000070       0x16 c:/users/t0ti2/avr/bin/../lib/gcc/avr/4.3.3/avr5\libgcc.a(_copy_data.o)
                0x00000070                __do_copy_data
 *(.init4)
 *(.init5)
 *(.init5)
 *(.init6)
 *(.init6)
 *(.init7)
 *(.init7)
 *(.init8)
 *(.init8)
 *(.init9)
 .init9         0x00000086        0x8 c:/users/t0ti2/avr/bin/../lib/gcc/avr/4.3.3/../../../../avr/lib/avr5/crtm32.o
 *(.init9)
 *(.text)
 .text          0x0000008e        0x4 c:/users/t0ti2/avr/bin/../lib/gcc/avr/4.3.3/../../../../avr/lib/avr5/crtm32.o
                0x0000008e                __vector_12
                0x0000008e                __bad_interrupt
                0x0000008e                __vector_6
                0x0000008e                __vector_13
                0x0000008e                __vector_17
                0x0000008e                __vector_19
                0x0000008e                __vector_7
                0x0000008e                __vector_9
                0x0000008e                __vector_15
                0x0000008e                __vector_8
                0x0000008e                __vector_14
                0x0000008e                __vector_16
                0x0000008e                __vector_18
                0x0000008e                __vector_20
 .text          0x00000092        0x0 ./MCAL/Timer/Timer_Program.o
 .text          0x00000092        0x0 ./MCAL/External_Interrupt/External_Interrupt_Program.o
 .text          0x00000092        0x0 ./MCAL/DIO/DIO_Program.o
 .text          0x00000092        0x0 ./HAL/Led/Led_Program.o
 .text          0x00000092        0x0 ./HAL/Button/Button_Program.o
 .text          0x00000092        0x0 ./Application/main.o
 .text          0x00000092        0x0 c:/users/t0ti2/avr/bin/../lib/gcc/avr/4.3.3/avr5\libgcc.a(_mulsi3.o)
 .text          0x00000092        0x0 c:/users/t0ti2/avr/bin/../lib/gcc/avr/4.3.3/avr5\libgcc.a(_udivmodsi4.o)
 .text          0x00000092        0x0 c:/users/t0ti2/avr/bin/../lib/gcc/avr/4.3.3/avr5\libgcc.a(_exit.o)
 .text          0x00000092        0x0 c:/users/t0ti2/avr/bin/../lib/gcc/avr/4.3.3/avr5\libgcc.a(_clear_bss.o)
 .text          0x00000092       0x58 c:/users/t0ti2/avr/bin/../lib/gcc/avr/4.3.3/avr5\libgcc.a(_fixunssfsi.o)
                0x00000092                __fixunssfsi
 .text          0x000000ea      0x354 c:/users/t0ti2/avr/bin/../lib/gcc/avr/4.3.3/avr5\libgcc.a(_addsub_sf.o)
                0x00000382                __subsf3
                0x000003e4                __addsf3
 .text          0x0000043e      0x158 c:/users/t0ti2/avr/bin/../lib/gcc/avr/4.3.3/avr5\libgcc.a(_div_sf.o)
                0x0000043e                __divsf3
 .text          0x00000596       0x60 c:/users/t0ti2/avr/bin/../lib/gcc/avr/4.3.3/avr5\libgcc.a(_ge_sf.o)
                0x00000596                __gesf2
 .text          0x000005f6       0xa8 c:/users/t0ti2/avr/bin/../lib/gcc/avr/4.3.3/avr5\libgcc.a(_sf_to_si.o)
                0x000005f6                __fixsfsi
 .text          0x0000069e        0x0 c:/users/t0ti2/avr/bin/../lib/gcc/avr/4.3.3/avr5\libgcc.a(_thenan_sf.o)
 .text          0x0000069e       0xf2 c:/users/t0ti2/avr/bin/../lib/gcc/avr/4.3.3/avr5\libgcc.a(_usi_to_sf.o)
                0x0000069e                __floatunsisf
 .text          0x00000790        0x0 c:/users/t0ti2/avr/bin/../lib/gcc/avr/4.3.3/avr5\libgcc.a(_prologue.o)
 .text          0x00000790        0x0 c:/users/t0ti2/avr/bin/../lib/gcc/avr/4.3.3/avr5\libgcc.a(_epilogue.o)
 .text          0x00000790        0x0 c:/users/t0ti2/avr/bin/../lib/gcc/avr/4.3.3/avr5\libgcc.a(_copy_data.o)
 .text          0x00000790       0x9e c:/users/t0ti2/avr/bin/../lib/gcc/avr/4.3.3/avr5\libgcc.a(_clzsi2.o)
                0x00000790                __clzsi2
 .text          0x0000082e      0x1aa c:/users/t0ti2/avr/bin/../lib/gcc/avr/4.3.3/avr5\libgcc.a(_pack_sf.o)
                0x0000082e                __pack_f
 .text          0x000009d8       0xf0 c:/users/t0ti2/avr/bin/../lib/gcc/avr/4.3.3/avr5\libgcc.a(_unpack_sf.o)
                0x000009d8                __unpack_f
 .text          0x00000ac8       0xb2 c:/users/t0ti2/avr/bin/../lib/gcc/avr/4.3.3/avr5\libgcc.a(_fpcmp_parts_sf.o)
                0x00000ac8                __fpcmp_parts_f
 .text          0x00000b7a        0x0 c:/users/t0ti2/avr/bin/../lib/gcc/avr/4.3.3/avr5\libgcc.a(_clz.o)
                0x00000b7a                . = ALIGN (0x2)
 *(.text.*)
 .text.Timer_0_VidBusy_Wait_ms
                0x00000b7a      0x1a8 ./MCAL/Timer/Timer_Program.o
                0x00000b7a                Timer_0_VidBusy_Wait_ms
 .text.Timer_0_VidDelay_ms
                0x00000d22      0x13a ./MCAL/Timer/Timer_Program.o
                0x00000d22                Timer_0_VidDelay_ms
 .text.Timer_0_VidInitialization
                0x00000e5c      0x32e ./MCAL/Timer/Timer_Program.o
                0x00000e5c                Timer_0_VidInitialization
 .text.Timer_2_VidDelay_ms
                0x0000118a      0x13a ./MCAL/Timer/Timer_Program.o
                0x0000118a                Timer_2_VidDelay_ms
 .text.Timer_2_VidBusy_Wait_ms
                0x000012c4      0x1a6 ./MCAL/Timer/Timer_Program.o
                0x000012c4                Timer_2_VidBusy_Wait_ms
 .text.Timer_2_VidInitialization
                0x0000146a      0x366 ./MCAL/Timer/Timer_Program.o
                0x0000146a                Timer_2_VidInitialization
 .text.Timer_VidPwm_Duty_Cycle
                0x000017d0       0xa0 ./MCAL/Timer/Timer_Program.o
                0x000017d0                Timer_VidPwm_Duty_Cycle
 .text.Timer_0_VidOverflow_Inturrept
                0x00001870       0x2c ./MCAL/Timer/Timer_Program.o
                0x00001870                Timer_0_VidOverflow_Inturrept
 .text.__vector_11
                0x0000189c       0xb6 ./MCAL/Timer/Timer_Program.o
                0x0000189c                __vector_11
 .text.Timer_0_VidCompare_Match_Inturrept
                0x00001952       0x2c ./MCAL/Timer/Timer_Program.o
                0x00001952                Timer_0_VidCompare_Match_Inturrept
 .text.__vector_10
                0x0000197e       0x78 ./MCAL/Timer/Timer_Program.o
                0x0000197e                __vector_10
 .text.Timer_2_VidOverflow_Inturrept
                0x000019f6       0x2c ./MCAL/Timer/Timer_Program.o
                0x000019f6                Timer_2_VidOverflow_Inturrept
 .text.__vector_5
                0x00001a22       0xac ./MCAL/Timer/Timer_Program.o
                0x00001a22                __vector_5
 .text.Timer_2_VidCompare_Match_Inturrept
                0x00001ace       0x2c ./MCAL/Timer/Timer_Program.o
                0x00001ace                Timer_2_VidCompare_Match_Inturrept
 .text.__vector_4
                0x00001afa       0x78 ./MCAL/Timer/Timer_Program.o
                0x00001afa                __vector_4
 .text.External_Interrupt_VidInitialization
                0x00001b72      0x3a0 ./MCAL/External_Interrupt/External_Interrupt_Program.o
                0x00001b72                External_Interrupt_VidInitialization
 .text.External_Interrupt_0
                0x00001f12       0x2c ./MCAL/External_Interrupt/External_Interrupt_Program.o
                0x00001f12                External_Interrupt_0
 .text.__vector_1
                0x00001f3e       0x76 ./MCAL/External_Interrupt/External_Interrupt_Program.o
                0x00001f3e                __vector_1
 .text.External_Interrupt_1
                0x00001fb4       0x2c ./MCAL/External_Interrupt/External_Interrupt_Program.o
                0x00001fb4                External_Interrupt_1
 .text.__vector_2
                0x00001fe0       0x76 ./MCAL/External_Interrupt/External_Interrupt_Program.o
                0x00001fe0                __vector_2
 .text.External_Interrupt_2
                0x00002056       0x2c ./MCAL/External_Interrupt/External_Interrupt_Program.o
                0x00002056                External_Interrupt_2
 .text.__vector_3
                0x00002082       0x76 ./MCAL/External_Interrupt/External_Interrupt_Program.o
                0x00002082                __vector_3
 .text.DIO_VidSet_Pin_Direction
                0x000020f8      0x200 ./MCAL/DIO/DIO_Program.o
                0x000020f8                DIO_VidSet_Pin_Direction
 .text.DIO_VidInternal_Pin_Bull_Up
                0x000022f8      0x1da ./MCAL/DIO/DIO_Program.o
                0x000022f8                DIO_VidInternal_Pin_Bull_Up
 .text.DIO_VidSet_Pin_Value
                0x000024d2      0x200 ./MCAL/DIO/DIO_Program.o
                0x000024d2                DIO_VidSet_Pin_Value
 .text.DIO_VidToggle_Pin_Value
                0x000026d2       0xfa ./MCAL/DIO/DIO_Program.o
                0x000026d2                DIO_VidToggle_Pin_Value
 .text.DIO_VidGet_Pin_Value
                0x000027cc      0x108 ./MCAL/DIO/DIO_Program.o
                0x000027cc                DIO_VidGet_Pin_Value
 .text.DIO_VidSet_Whole_Port_Direction
                0x000028d4      0x12a ./MCAL/DIO/DIO_Program.o
                0x000028d4                DIO_VidSet_Whole_Port_Direction
 .text.DIO_VidSet_Port_Direction
                0x000029fe       0x82 ./MCAL/DIO/DIO_Program.o
                0x000029fe                DIO_VidSet_Port_Direction
 .text.DIO_VidInternal_Port_Bull_Up
                0x00002a80      0x108 ./MCAL/DIO/DIO_Program.o
                0x00002a80                DIO_VidInternal_Port_Bull_Up
 .text.DIO_VidSet_Port_Value
                0x00002b88       0x82 ./MCAL/DIO/DIO_Program.o
                0x00002b88                DIO_VidSet_Port_Value
 .text.DIO_VidEdit_Port_Value
                0x00002c0a      0x1d6 ./MCAL/DIO/DIO_Program.o
                0x00002c0a                DIO_VidEdit_Port_Value
 .text.DIO_VidToggle_Port_Value
                0x00002de0       0x96 ./MCAL/DIO/DIO_Program.o
                0x00002de0                DIO_VidToggle_Port_Value
 .text.DIO_VidGet_Port_Value
                0x00002e76       0x98 ./MCAL/DIO/DIO_Program.o
                0x00002e76                DIO_VidGet_Port_Value
 .text.DIO_VidGlobal_Interrupt_Enable
                0x00002f0e       0x1c ./MCAL/DIO/DIO_Program.o
                0x00002f0e                DIO_VidGlobal_Interrupt_Enable
 .text.Led_VidInitialization
                0x00002f2a       0x54 ./HAL/Led/Led_Program.o
                0x00002f2a                Led_VidInitialization
 .text.Private_VidToggle_Led
                0x00002f7e       0xe0 ./HAL/Led/Led_Program.o
                0x00002f7e                Private_VidToggle_Led
 .text.Led_VidPedestrian_Mode
                0x0000305e      0x1a6 ./HAL/Led/Led_Program.o
                0x0000305e                Led_VidPedestrian_Mode
 .text.Led_VidNormal_Mode
                0x00003204       0xd8 ./HAL/Led/Led_Program.o
                0x00003204                Led_VidNormal_Mode
 .text.Button_VidInitialization
                0x000032dc       0x26 ./HAL/Button/Button_Program.o
                0x000032dc                Button_VidInitialization
 .text.main     0x00003302       0x16 ./Application/main.o
                0x00003302                main
 .text.APP_startVid
                0x00003318       0x1a ./Application/main.o
                0x00003318                APP_startVid
 .text.libgcc   0x00003332       0x3e c:/users/t0ti2/avr/bin/../lib/gcc/avr/4.3.3/avr5\libgcc.a(_mulsi3.o)
                0x00003332                __mulsi3
 .text.libgcc   0x00003370       0x44 c:/users/t0ti2/avr/bin/../lib/gcc/avr/4.3.3/avr5\libgcc.a(_udivmodsi4.o)
                0x00003370                __udivmodsi4
 .text.libgcc   0x000033b4        0x0 c:/users/t0ti2/avr/bin/../lib/gcc/avr/4.3.3/avr5\libgcc.a(_exit.o)
 .text.libgcc   0x000033b4        0x0 c:/users/t0ti2/avr/bin/../lib/gcc/avr/4.3.3/avr5\libgcc.a(_clear_bss.o)
 .text.libgcc   0x000033b4       0x38 c:/users/t0ti2/avr/bin/../lib/gcc/avr/4.3.3/avr5\libgcc.a(_prologue.o)
                0x000033b4                __prologue_saves__
 .text.libgcc   0x000033ec       0x36 c:/users/t0ti2/avr/bin/../lib/gcc/avr/4.3.3/avr5\libgcc.a(_epilogue.o)
                0x000033ec                __epilogue_restores__
 .text.libgcc   0x00003422        0x0 c:/users/t0ti2/avr/bin/../lib/gcc/avr/4.3.3/avr5\libgcc.a(_copy_data.o)
                0x00003422                . = ALIGN (0x2)
 *(.fini9)
 .fini9         0x00003422        0x0 c:/users/t0ti2/avr/bin/../lib/gcc/avr/4.3.3/avr5\libgcc.a(_exit.o)
                0x00003422                exit
                0x00003422                _exit
 *(.fini9)
 *(.fini8)
 *(.fini8)
 *(.fini7)
 *(.fini7)
 *(.fini6)
 *(.fini6)
 *(.fini5)
 *(.fini5)
 *(.fini4)
 *(.fini4)
 *(.fini3)
 *(.fini3)
 *(.fini2)
 *(.fini2)
 *(.fini1)
 *(.fini1)
 *(.fini0)
 .fini0         0x00003422        0x4 c:/users/t0ti2/avr/bin/../lib/gcc/avr/4.3.3/avr5\libgcc.a(_exit.o)
 *(.fini0)
                0x00003426                _etext = .

.data           0x00800060      0x108 load address 0x00003426
                0x00800060                PROVIDE (__data_start, .)
 *(.data)
 .data          0x00800060        0x0 c:/users/t0ti2/avr/bin/../lib/gcc/avr/4.3.3/../../../../avr/lib/avr5/crtm32.o
 .data          0x00800060        0x0 ./MCAL/Timer/Timer_Program.o
 .data          0x00800060        0x0 ./MCAL/External_Interrupt/External_Interrupt_Program.o
 .data          0x00800060        0x0 ./MCAL/DIO/DIO_Program.o
 .data          0x00800060        0x0 ./HAL/Led/Led_Program.o
 .data          0x00800060        0x0 ./HAL/Button/Button_Program.o
 .data          0x00800060        0x0 ./Application/main.o
 .data          0x00800060        0x0 c:/users/t0ti2/avr/bin/../lib/gcc/avr/4.3.3/avr5\libgcc.a(_mulsi3.o)
 .data          0x00800060        0x0 c:/users/t0ti2/avr/bin/../lib/gcc/avr/4.3.3/avr5\libgcc.a(_udivmodsi4.o)
 .data          0x00800060        0x0 c:/users/t0ti2/avr/bin/../lib/gcc/avr/4.3.3/avr5\libgcc.a(_exit.o)
 .data          0x00800060        0x0 c:/users/t0ti2/avr/bin/../lib/gcc/avr/4.3.3/avr5\libgcc.a(_clear_bss.o)
 .data          0x00800060        0x0 c:/users/t0ti2/avr/bin/../lib/gcc/avr/4.3.3/avr5\libgcc.a(_fixunssfsi.o)
 .data          0x00800060        0x0 c:/users/t0ti2/avr/bin/../lib/gcc/avr/4.3.3/avr5\libgcc.a(_addsub_sf.o)
 .data          0x00800060        0x0 c:/users/t0ti2/avr/bin/../lib/gcc/avr/4.3.3/avr5\libgcc.a(_div_sf.o)
 .data          0x00800060        0x0 c:/users/t0ti2/avr/bin/../lib/gcc/avr/4.3.3/avr5\libgcc.a(_ge_sf.o)
 .data          0x00800060        0x0 c:/users/t0ti2/avr/bin/../lib/gcc/avr/4.3.3/avr5\libgcc.a(_sf_to_si.o)
 .data          0x00800060        0x8 c:/users/t0ti2/avr/bin/../lib/gcc/avr/4.3.3/avr5\libgcc.a(_thenan_sf.o)
                0x00800060                __thenan_sf
 .data          0x00800068        0x0 c:/users/t0ti2/avr/bin/../lib/gcc/avr/4.3.3/avr5\libgcc.a(_usi_to_sf.o)
 .data          0x00800068        0x0 c:/users/t0ti2/avr/bin/../lib/gcc/avr/4.3.3/avr5\libgcc.a(_prologue.o)
 .data          0x00800068        0x0 c:/users/t0ti2/avr/bin/../lib/gcc/avr/4.3.3/avr5\libgcc.a(_epilogue.o)
 .data          0x00800068        0x0 c:/users/t0ti2/avr/bin/../lib/gcc/avr/4.3.3/avr5\libgcc.a(_copy_data.o)
 .data          0x00800068        0x0 c:/users/t0ti2/avr/bin/../lib/gcc/avr/4.3.3/avr5\libgcc.a(_clzsi2.o)
 .data          0x00800068        0x0 c:/users/t0ti2/avr/bin/../lib/gcc/avr/4.3.3/avr5\libgcc.a(_pack_sf.o)
 .data          0x00800068        0x0 c:/users/t0ti2/avr/bin/../lib/gcc/avr/4.3.3/avr5\libgcc.a(_unpack_sf.o)
 .data          0x00800068        0x0 c:/users/t0ti2/avr/bin/../lib/gcc/avr/4.3.3/avr5\libgcc.a(_fpcmp_parts_sf.o)
 .data          0x00800068      0x100 c:/users/t0ti2/avr/bin/../lib/gcc/avr/4.3.3/avr5\libgcc.a(_clz.o)
                0x00800068                __clz_tab
 *(.data*)
 *(.rodata)
 *(.rodata*)
 *(.gnu.linkonce.d*)
                0x00800168                . = ALIGN (0x2)
                0x00800168                _edata = .
                0x00800168                PROVIDE (__data_end, .)

.bss            0x00800168       0x19
                0x00800168                PROVIDE (__bss_start, .)
 *(.bss)
 .bss           0x00800168        0x0 c:/users/t0ti2/avr/bin/../lib/gcc/avr/4.3.3/../../../../avr/lib/avr5/crtm32.o
 .bss           0x00800168        0x0 ./MCAL/Timer/Timer_Program.o
 .bss           0x00800168        0x0 ./MCAL/External_Interrupt/External_Interrupt_Program.o
 .bss           0x00800168        0x0 ./MCAL/DIO/DIO_Program.o
 .bss           0x00800168        0x0 ./HAL/Led/Led_Program.o
 .bss           0x00800168        0x0 ./HAL/Button/Button_Program.o
 .bss           0x00800168        0x0 ./Application/main.o
 .bss           0x00800168        0x0 c:/users/t0ti2/avr/bin/../lib/gcc/avr/4.3.3/avr5\libgcc.a(_mulsi3.o)
 .bss           0x00800168        0x0 c:/users/t0ti2/avr/bin/../lib/gcc/avr/4.3.3/avr5\libgcc.a(_udivmodsi4.o)
 .bss           0x00800168        0x0 c:/users/t0ti2/avr/bin/../lib/gcc/avr/4.3.3/avr5\libgcc.a(_exit.o)
 .bss           0x00800168        0x0 c:/users/t0ti2/avr/bin/../lib/gcc/avr/4.3.3/avr5\libgcc.a(_clear_bss.o)
 .bss           0x00800168        0x0 c:/users/t0ti2/avr/bin/../lib/gcc/avr/4.3.3/avr5\libgcc.a(_fixunssfsi.o)
 .bss           0x00800168        0x0 c:/users/t0ti2/avr/bin/../lib/gcc/avr/4.3.3/avr5\libgcc.a(_addsub_sf.o)
 .bss           0x00800168        0x0 c:/users/t0ti2/avr/bin/../lib/gcc/avr/4.3.3/avr5\libgcc.a(_div_sf.o)
 .bss           0x00800168        0x0 c:/users/t0ti2/avr/bin/../lib/gcc/avr/4.3.3/avr5\libgcc.a(_ge_sf.o)
 .bss           0x00800168        0x0 c:/users/t0ti2/avr/bin/../lib/gcc/avr/4.3.3/avr5\libgcc.a(_sf_to_si.o)
 .bss           0x00800168        0x0 c:/users/t0ti2/avr/bin/../lib/gcc/avr/4.3.3/avr5\libgcc.a(_thenan_sf.o)
 .bss           0x00800168        0x0 c:/users/t0ti2/avr/bin/../lib/gcc/avr/4.3.3/avr5\libgcc.a(_usi_to_sf.o)
 .bss           0x00800168        0x0 c:/users/t0ti2/avr/bin/../lib/gcc/avr/4.3.3/avr5\libgcc.a(_prologue.o)
 .bss           0x00800168        0x0 c:/users/t0ti2/avr/bin/../lib/gcc/avr/4.3.3/avr5\libgcc.a(_epilogue.o)
 .bss           0x00800168        0x0 c:/users/t0ti2/avr/bin/../lib/gcc/avr/4.3.3/avr5\libgcc.a(_copy_data.o)
 .bss           0x00800168        0x0 c:/users/t0ti2/avr/bin/../lib/gcc/avr/4.3.3/avr5\libgcc.a(_clzsi2.o)
 .bss           0x00800168        0x0 c:/users/t0ti2/avr/bin/../lib/gcc/avr/4.3.3/avr5\libgcc.a(_pack_sf.o)
 .bss           0x00800168        0x0 c:/users/t0ti2/avr/bin/../lib/gcc/avr/4.3.3/avr5\libgcc.a(_unpack_sf.o)
 .bss           0x00800168        0x0 c:/users/t0ti2/avr/bin/../lib/gcc/avr/4.3.3/avr5\libgcc.a(_fpcmp_parts_sf.o)
 .bss           0x00800168        0x0 c:/users/t0ti2/avr/bin/../lib/gcc/avr/4.3.3/avr5\libgcc.a(_clz.o)
 *(.bss*)
 .bss.Timer_0_Overflow_Inturrept_Function
                0x00800168        0x2 ./MCAL/Timer/Timer_Program.o
 .bss.Timer_0_Compare_Match_Inturrept_Function
                0x0080016a        0x2 ./MCAL/Timer/Timer_Program.o
 .bss.Timer_2_Overflow_Inturrept_Function
                0x0080016c        0x2 ./MCAL/Timer/Timer_Program.o
 .bss.Timer_2_Compare_Match_Inturrept_Function
                0x0080016e        0x2 ./MCAL/Timer/Timer_Program.o
 .bss.External_Interrupt_0_Function
                0x00800170        0x2 ./MCAL/External_Interrupt/External_Interrupt_Program.o
 .bss.External_Interrupt_1_Function
                0x00800172        0x2 ./MCAL/External_Interrupt/External_Interrupt_Program.o
 .bss.External_Interrupt_2_Function
                0x00800174        0x2 ./MCAL/External_Interrupt/External_Interrupt_Program.o
 .bss.Global_u8Car_State
                0x00800176        0x1 ./HAL/Led/Led_Program.o
                0x00800176                Global_u8Car_State
 .bss.Global_u8Toggle_Flag
                0x00800177        0x1 ./HAL/Led/Led_Program.o
                0x00800177                Global_u8Toggle_Flag
 .bss.Global_u8Interrupt_Flag
                0x00800178        0x1 ./HAL/Led/Led_Program.o
                0x00800178                Global_u8Interrupt_Flag
 *(COMMON)
 COMMON         0x00800179        0x8 ./MCAL/Timer/Timer_Program.o
                0x00800179                Global_Timer_2_u16Flag
                0x0080017d                Global_Timer_0_u16Flag
                0x00800181                PROVIDE (__bss_end, .)
                0x00003426                __data_load_start = LOADADDR (.data)
                0x0000352e                __data_load_end = (__data_load_start + SIZEOF (.data))

.noinit         0x00800181        0x0
                0x00800181                PROVIDE (__noinit_start, .)
 *(.noinit*)
                0x00800181                PROVIDE (__noinit_end, .)
                0x00800181                _end = .
                0x00800181                PROVIDE (__heap_start, .)

.eeprom         0x00810000        0x0
 *(.eeprom*)
                0x00810000                __eeprom_end = .

.fuse
 *(.fuse)
 *(.lfuse)
 *(.hfuse)
 *(.efuse)

.lock
 *(.lock*)

.signature
 *(.signature*)

.stab           0x00000000     0x28f8
 *(.stab)
 .stab          0x00000000      0xbb8 ./MCAL/Timer/Timer_Program.o
 .stab          0x00000bb8      0x504 ./MCAL/External_Interrupt/External_Interrupt_Program.o
                                0x510 (size before relaxing)
 .stab          0x000010bc      0x960 ./MCAL/DIO/DIO_Program.o
                                0x96c (size before relaxing)
 .stab          0x00001a1c      0x798 ./HAL/Led/Led_Program.o
                                0x7a4 (size before relaxing)
 .stab          0x000021b4      0x378 ./HAL/Button/Button_Program.o
                                0x384 (size before relaxing)
 .stab          0x0000252c      0x3cc ./Application/main.o
                                0x3d8 (size before relaxing)

.stabstr        0x00000000     0x2213
 *(.stabstr)
 .stabstr       0x00000000     0x2213 ./MCAL/Timer/Timer_Program.o

.stab.excl
 *(.stab.excl)

.stab.exclstr
 *(.stab.exclstr)

.stab.index
 *(.stab.index)

.stab.indexstr
 *(.stab.indexstr)

.comment
 *(.comment)

.debug
 *(.debug)

.line
 *(.line)

.debug_srcinfo
 *(.debug_srcinfo)

.debug_sfnames
 *(.debug_sfnames)

.debug_aranges  0x00000000      0x140
 *(.debug_aranges)
 .debug_aranges
                0x00000000       0x20 c:/users/t0ti2/avr/bin/../lib/gcc/avr/4.3.3/avr5\libgcc.a(_fixunssfsi.o)
 .debug_aranges
                0x00000020       0x20 c:/users/t0ti2/avr/bin/../lib/gcc/avr/4.3.3/avr5\libgcc.a(_addsub_sf.o)
 .debug_aranges
                0x00000040       0x20 c:/users/t0ti2/avr/bin/../lib/gcc/avr/4.3.3/avr5\libgcc.a(_div_sf.o)
 .debug_aranges
                0x00000060       0x20 c:/users/t0ti2/avr/bin/../lib/gcc/avr/4.3.3/avr5\libgcc.a(_ge_sf.o)
 .debug_aranges
                0x00000080       0x20 c:/users/t0ti2/avr/bin/../lib/gcc/avr/4.3.3/avr5\libgcc.a(_sf_to_si.o)
 .debug_aranges
                0x000000a0       0x20 c:/users/t0ti2/avr/bin/../lib/gcc/avr/4.3.3/avr5\libgcc.a(_usi_to_sf.o)
 .debug_aranges
                0x000000c0       0x20 c:/users/t0ti2/avr/bin/../lib/gcc/avr/4.3.3/avr5\libgcc.a(_clzsi2.o)
 .debug_aranges
                0x000000e0       0x20 c:/users/t0ti2/avr/bin/../lib/gcc/avr/4.3.3/avr5\libgcc.a(_pack_sf.o)
 .debug_aranges
                0x00000100       0x20 c:/users/t0ti2/avr/bin/../lib/gcc/avr/4.3.3/avr5\libgcc.a(_unpack_sf.o)
 .debug_aranges
                0x00000120       0x20 c:/users/t0ti2/avr/bin/../lib/gcc/avr/4.3.3/avr5\libgcc.a(_fpcmp_parts_sf.o)

.debug_pubnames
                0x00000000      0x197
 *(.debug_pubnames)
 .debug_pubnames
                0x00000000       0x23 c:/users/t0ti2/avr/bin/../lib/gcc/avr/4.3.3/avr5\libgcc.a(_fixunssfsi.o)
 .debug_pubnames
                0x00000023       0x2c c:/users/t0ti2/avr/bin/../lib/gcc/avr/4.3.3/avr5\libgcc.a(_addsub_sf.o)
 .debug_pubnames
                0x0000004f       0x1f c:/users/t0ti2/avr/bin/../lib/gcc/avr/4.3.3/avr5\libgcc.a(_div_sf.o)
 .debug_pubnames
                0x0000006e       0x1e c:/users/t0ti2/avr/bin/../lib/gcc/avr/4.3.3/avr5\libgcc.a(_ge_sf.o)
 .debug_pubnames
                0x0000008c       0x20 c:/users/t0ti2/avr/bin/../lib/gcc/avr/4.3.3/avr5\libgcc.a(_sf_to_si.o)
 .debug_pubnames
                0x000000ac       0x22 c:/users/t0ti2/avr/bin/../lib/gcc/avr/4.3.3/avr5\libgcc.a(_thenan_sf.o)
 .debug_pubnames
                0x000000ce       0x24 c:/users/t0ti2/avr/bin/../lib/gcc/avr/4.3.3/avr5\libgcc.a(_usi_to_sf.o)
 .debug_pubnames
                0x000000f2       0x1f c:/users/t0ti2/avr/bin/../lib/gcc/avr/4.3.3/avr5\libgcc.a(_clzsi2.o)
 .debug_pubnames
                0x00000111       0x1f c:/users/t0ti2/avr/bin/../lib/gcc/avr/4.3.3/avr5\libgcc.a(_pack_sf.o)
 .debug_pubnames
                0x00000130       0x21 c:/users/t0ti2/avr/bin/../lib/gcc/avr/4.3.3/avr5\libgcc.a(_unpack_sf.o)
 .debug_pubnames
                0x00000151       0x26 c:/users/t0ti2/avr/bin/../lib/gcc/avr/4.3.3/avr5\libgcc.a(_fpcmp_parts_sf.o)
 .debug_pubnames
                0x00000177       0x20 c:/users/t0ti2/avr/bin/../lib/gcc/avr/4.3.3/avr5\libgcc.a(_clz.o)

.debug_info     0x00000000     0x1a88
 *(.debug_info)
 .debug_info    0x00000000       0xb1 c:/users/t0ti2/avr/bin/../lib/gcc/avr/4.3.3/avr5\libgcc.a(_fixunssfsi.o)
 .debug_info    0x000000b1      0x47a c:/users/t0ti2/avr/bin/../lib/gcc/avr/4.3.3/avr5\libgcc.a(_addsub_sf.o)
 .debug_info    0x0000052b      0x3fc c:/users/t0ti2/avr/bin/../lib/gcc/avr/4.3.3/avr5\libgcc.a(_div_sf.o)
 .debug_info    0x00000927      0x27f c:/users/t0ti2/avr/bin/../lib/gcc/avr/4.3.3/avr5\libgcc.a(_ge_sf.o)
 .debug_info    0x00000ba6      0x2b0 c:/users/t0ti2/avr/bin/../lib/gcc/avr/4.3.3/avr5\libgcc.a(_sf_to_si.o)
 .debug_info    0x00000e56      0x12c c:/users/t0ti2/avr/bin/../lib/gcc/avr/4.3.3/avr5\libgcc.a(_thenan_sf.o)
 .debug_info    0x00000f82      0x206 c:/users/t0ti2/avr/bin/../lib/gcc/avr/4.3.3/avr5\libgcc.a(_usi_to_sf.o)
 .debug_info    0x00001188      0x117 c:/users/t0ti2/avr/bin/../lib/gcc/avr/4.3.3/avr5\libgcc.a(_clzsi2.o)
 .debug_info    0x0000129f      0x2df c:/users/t0ti2/avr/bin/../lib/gcc/avr/4.3.3/avr5\libgcc.a(_pack_sf.o)
 .debug_info    0x0000157e      0x251 c:/users/t0ti2/avr/bin/../lib/gcc/avr/4.3.3/avr5\libgcc.a(_unpack_sf.o)
 .debug_info    0x000017cf      0x210 c:/users/t0ti2/avr/bin/../lib/gcc/avr/4.3.3/avr5\libgcc.a(_fpcmp_parts_sf.o)
 .debug_info    0x000019df       0xa9 c:/users/t0ti2/avr/bin/../lib/gcc/avr/4.3.3/avr5\libgcc.a(_clz.o)
 *(.gnu.linkonce.wi.*)

.debug_abbrev   0x00000000      0xeb7
 *(.debug_abbrev)
 .debug_abbrev  0x00000000       0x5d c:/users/t0ti2/avr/bin/../lib/gcc/avr/4.3.3/avr5\libgcc.a(_fixunssfsi.o)
 .debug_abbrev  0x0000005d      0x1ea c:/users/t0ti2/avr/bin/../lib/gcc/avr/4.3.3/avr5\libgcc.a(_addsub_sf.o)
 .debug_abbrev  0x00000247      0x216 c:/users/t0ti2/avr/bin/../lib/gcc/avr/4.3.3/avr5\libgcc.a(_div_sf.o)
 .debug_abbrev  0x0000045d      0x15a c:/users/t0ti2/avr/bin/../lib/gcc/avr/4.3.3/avr5\libgcc.a(_ge_sf.o)
 .debug_abbrev  0x000005b7      0x17f c:/users/t0ti2/avr/bin/../lib/gcc/avr/4.3.3/avr5\libgcc.a(_sf_to_si.o)
 .debug_abbrev  0x00000736       0xad c:/users/t0ti2/avr/bin/../lib/gcc/avr/4.3.3/avr5\libgcc.a(_thenan_sf.o)
 .debug_abbrev  0x000007e3      0x157 c:/users/t0ti2/avr/bin/../lib/gcc/avr/4.3.3/avr5\libgcc.a(_usi_to_sf.o)
 .debug_abbrev  0x0000093a       0xc4 c:/users/t0ti2/avr/bin/../lib/gcc/avr/4.3.3/avr5\libgcc.a(_clzsi2.o)
 .debug_abbrev  0x000009fe      0x1c0 c:/users/t0ti2/avr/bin/../lib/gcc/avr/4.3.3/avr5\libgcc.a(_pack_sf.o)
 .debug_abbrev  0x00000bbe      0x154 c:/users/t0ti2/avr/bin/../lib/gcc/avr/4.3.3/avr5\libgcc.a(_unpack_sf.o)
 .debug_abbrev  0x00000d12      0x13b c:/users/t0ti2/avr/bin/../lib/gcc/avr/4.3.3/avr5\libgcc.a(_fpcmp_parts_sf.o)
 .debug_abbrev  0x00000e4d       0x6a c:/users/t0ti2/avr/bin/../lib/gcc/avr/4.3.3/avr5\libgcc.a(_clz.o)

.debug_line     0x00000000      0xdf7
 *(.debug_line)
 .debug_line    0x00000000       0xa7 c:/users/t0ti2/avr/bin/../lib/gcc/avr/4.3.3/avr5\libgcc.a(_fixunssfsi.o)
 .debug_line    0x000000a7      0x2af c:/users/t0ti2/avr/bin/../lib/gcc/avr/4.3.3/avr5\libgcc.a(_addsub_sf.o)
 .debug_line    0x00000356      0x1d5 c:/users/t0ti2/avr/bin/../lib/gcc/avr/4.3.3/avr5\libgcc.a(_div_sf.o)
 .debug_line    0x0000052b       0xd3 c:/users/t0ti2/avr/bin/../lib/gcc/avr/4.3.3/avr5\libgcc.a(_ge_sf.o)
 .debug_line    0x000005fe      0x109 c:/users/t0ti2/avr/bin/../lib/gcc/avr/4.3.3/avr5\libgcc.a(_sf_to_si.o)
 .debug_line    0x00000707       0x90 c:/users/t0ti2/avr/bin/../lib/gcc/avr/4.3.3/avr5\libgcc.a(_thenan_sf.o)
 .debug_line    0x00000797      0x133 c:/users/t0ti2/avr/bin/../lib/gcc/avr/4.3.3/avr5\libgcc.a(_usi_to_sf.o)
 .debug_line    0x000008ca       0xa5 c:/users/t0ti2/avr/bin/../lib/gcc/avr/4.3.3/avr5\libgcc.a(_clzsi2.o)
 .debug_line    0x0000096f      0x18a c:/users/t0ti2/avr/bin/../lib/gcc/avr/4.3.3/avr5\libgcc.a(_pack_sf.o)
 .debug_line    0x00000af9      0x14b c:/users/t0ti2/avr/bin/../lib/gcc/avr/4.3.3/avr5\libgcc.a(_unpack_sf.o)
 .debug_line    0x00000c44      0x137 c:/users/t0ti2/avr/bin/../lib/gcc/avr/4.3.3/avr5\libgcc.a(_fpcmp_parts_sf.o)
 .debug_line    0x00000d7b       0x7c c:/users/t0ti2/avr/bin/../lib/gcc/avr/4.3.3/avr5\libgcc.a(_clz.o)

.debug_frame    0x00000000      0x160
 *(.debug_frame)
 .debug_frame   0x00000000       0x20 c:/users/t0ti2/avr/bin/../lib/gcc/avr/4.3.3/avr5\libgcc.a(_fixunssfsi.o)
 .debug_frame   0x00000020       0x40 c:/users/t0ti2/avr/bin/../lib/gcc/avr/4.3.3/avr5\libgcc.a(_addsub_sf.o)
 .debug_frame   0x00000060       0x20 c:/users/t0ti2/avr/bin/../lib/gcc/avr/4.3.3/avr5\libgcc.a(_div_sf.o)
 .debug_frame   0x00000080       0x20 c:/users/t0ti2/avr/bin/../lib/gcc/avr/4.3.3/avr5\libgcc.a(_ge_sf.o)
 .debug_frame   0x000000a0       0x20 c:/users/t0ti2/avr/bin/../lib/gcc/avr/4.3.3/avr5\libgcc.a(_sf_to_si.o)
 .debug_frame   0x000000c0       0x20 c:/users/t0ti2/avr/bin/../lib/gcc/avr/4.3.3/avr5\libgcc.a(_usi_to_sf.o)
 .debug_frame   0x000000e0       0x20 c:/users/t0ti2/avr/bin/../lib/gcc/avr/4.3.3/avr5\libgcc.a(_clzsi2.o)
 .debug_frame   0x00000100       0x20 c:/users/t0ti2/avr/bin/../lib/gcc/avr/4.3.3/avr5\libgcc.a(_pack_sf.o)
 .debug_frame   0x00000120       0x20 c:/users/t0ti2/avr/bin/../lib/gcc/avr/4.3.3/avr5\libgcc.a(_unpack_sf.o)
 .debug_frame   0x00000140       0x20 c:/users/t0ti2/avr/bin/../lib/gcc/avr/4.3.3/avr5\libgcc.a(_fpcmp_parts_sf.o)

.debug_str      0x00000000      0x2bf
 *(.debug_str)
 .debug_str     0x00000000       0xbf c:/users/t0ti2/avr/bin/../lib/gcc/avr/4.3.3/avr5\libgcc.a(_fixunssfsi.o)
                                 0xfe (size before relaxing)
 .debug_str     0x000000bf      0x14d c:/users/t0ti2/avr/bin/../lib/gcc/avr/4.3.3/avr5\libgcc.a(_addsub_sf.o)
                                0x206 (size before relaxing)
 .debug_str     0x0000020c       0x35 c:/users/t0ti2/avr/bin/../lib/gcc/avr/4.3.3/avr5\libgcc.a(_div_sf.o)
                                0x1c8 (size before relaxing)
 .debug_str     0x00000241        0x8 c:/users/t0ti2/avr/bin/../lib/gcc/avr/4.3.3/avr5\libgcc.a(_ge_sf.o)
                                0x195 (size before relaxing)
 .debug_str     0x00000249        0xa c:/users/t0ti2/avr/bin/../lib/gcc/avr/4.3.3/avr5\libgcc.a(_sf_to_si.o)
                                0x19e (size before relaxing)
 .debug_str     0x00000000      0x103 c:/users/t0ti2/avr/bin/../lib/gcc/avr/4.3.3/avr5\libgcc.a(_thenan_sf.o)
 .debug_str     0x00000253       0x21 c:/users/t0ti2/avr/bin/../lib/gcc/avr/4.3.3/avr5\libgcc.a(_usi_to_sf.o)
                                0x177 (size before relaxing)
 .debug_str     0x00000274       0x20 c:/users/t0ti2/avr/bin/../lib/gcc/avr/4.3.3/avr5\libgcc.a(_clzsi2.o)
                                0x111 (size before relaxing)
 .debug_str     0x00000294       0x10 c:/users/t0ti2/avr/bin/../lib/gcc/avr/4.3.3/avr5\libgcc.a(_pack_sf.o)
                                0x19d (size before relaxing)
 .debug_str     0x000002a4        0xb c:/users/t0ti2/avr/bin/../lib/gcc/avr/4.3.3/avr5\libgcc.a(_unpack_sf.o)
                                0x17f (size before relaxing)
 .debug_str     0x000002af       0x10 c:/users/t0ti2/avr/bin/../lib/gcc/avr/4.3.3/avr5\libgcc.a(_fpcmp_parts_sf.o)
                                0x163 (size before relaxing)
 .debug_str     0x00000000       0xf4 c:/users/t0ti2/avr/bin/../lib/gcc/avr/4.3.3/avr5\libgcc.a(_clz.o)

.debug_loc      0x00000000      0x7f2
 *(.debug_loc)
 .debug_loc     0x00000000       0x34 c:/users/t0ti2/avr/bin/../lib/gcc/avr/4.3.3/avr5\libgcc.a(_fixunssfsi.o)
 .debug_loc     0x00000034      0x32a c:/users/t0ti2/avr/bin/../lib/gcc/avr/4.3.3/avr5\libgcc.a(_addsub_sf.o)
 .debug_loc     0x0000035e       0xc0 c:/users/t0ti2/avr/bin/../lib/gcc/avr/4.3.3/avr5\libgcc.a(_div_sf.o)
 .debug_loc     0x0000041e       0x3c c:/users/t0ti2/avr/bin/../lib/gcc/avr/4.3.3/avr5\libgcc.a(_ge_sf.o)
 .debug_loc     0x0000045a       0x7e c:/users/t0ti2/avr/bin/../lib/gcc/avr/4.3.3/avr5\libgcc.a(_sf_to_si.o)
 .debug_loc     0x000004d8       0x4c c:/users/t0ti2/avr/bin/../lib/gcc/avr/4.3.3/avr5\libgcc.a(_usi_to_sf.o)
 .debug_loc     0x00000524       0x94 c:/users/t0ti2/avr/bin/../lib/gcc/avr/4.3.3/avr5\libgcc.a(_clzsi2.o)
 .debug_loc     0x000005b8      0x13e c:/users/t0ti2/avr/bin/../lib/gcc/avr/4.3.3/avr5\libgcc.a(_pack_sf.o)
 .debug_loc     0x000006f6       0xac c:/users/t0ti2/avr/bin/../lib/gcc/avr/4.3.3/avr5\libgcc.a(_unpack_sf.o)
 .debug_loc     0x000007a2       0x50 c:/users/t0ti2/avr/bin/../lib/gcc/avr/4.3.3/avr5\libgcc.a(_fpcmp_parts_sf.o)

.debug_macinfo
 *(.debug_macinfo)
OUTPUT(Application.elf elf32-avr)
LOAD linker stubs
